// Jest Snapshot v1, https://goo.gl/fbAQLP

exports[`Pruebas en GifsGrid GifsGrid debe de estar correctamente 1`] = `<Fragment />`;
